
> crimsontideai-landing-web@0.1.0 build
> next build

▲ Next.js 16.3.1 (Turbopack)
✓ Running next.config.ts took 60ms

  Creating an optimized production build ...
✓ Compiled successfully in 959ms
  Running TypeScript ...
  Finished TypeScript in 13.9s ...
  Collecting page data using 10 workers ...
  Generating static pages using 10 workers (0/9) ...
  Generating static pages using 10 workers (2/9) 
  Generating static pages using 10 workers (4/9) 
  Generating static pages using 10 workers (6/9) 
✓ Generating static pages using 10 workers (9/9) in 2.9s
  Finalizing page optimization ...

Route (app)
┌ ○ /
├ ○ /_not-found
├ ○ /company
├ ○ /contact
├ ○ /products
├ ○ /solutions
└ ○ /work


○  (Static)  prerendered as static content

