
Running 42 tests using 1 worker



(node:28180) Warning: The 'NO_COLOR' env is ignored due to the 'FORCE_COLOR' env being set.
(Use `node --trace-warnings ...` to show where the warning was created)
(node:28180) Warning: The 'NO_COLOR' env is ignored due to the 'FORCE_COLOR' env being set.

(Use `node --trace-warnings ...` to show where the warning was created)

[1/42] [desktop-chromium] › tests\e2e\company.spec.ts:34:5 › Company scroll shapes follow forward, reverse and fast jumps
[2/42] [desktop-chromium] › tests\e2e\company.spec.ts:66:5 › Company lifecycle pauses frames and resumes preferences and history
[3/42] [desktop-chromium] › tests\e2e\company.spec.ts:114:5 › Company radar alignment, wave timing and suspension
[4/42] [desktop-chromium] › tests\e2e\company.spec.ts:136:5 › Company anchor, focus, contact and mobile menu remain usable
[5/42] [desktop-chromium] › tests\e2e\company.spec.ts:163:5 › Company remains readable with no JavaScript and unavailable canvas
[6/42] [desktop-chromium] › tests\e2e\company.spec.ts:186:5 › Company images decode under constrained loading and narrow/zoom layouts
[7/42] [desktop-chromium] › tests\e2e\company.spec.ts:205:5 › Company morph holds use the supplied three silhouettes
[8/42] [desktop-chromium] › tests\e2e\company.spec.ts:217:5 › Company direct fragments, reveal re-entry, static framing and unmount cleanup
[9/42] [desktop-chromium] › tests\e2e\company.spec.ts:244:5 › Company holds the complete scene for 2.5 usable viewports then releases
[10/42] [desktop-chromium] › tests\e2e\company.spec.ts:288:5 › Company fallback layouts have no added scroll track
[11/42] [desktop-chromium] › tests\e2e\company.spec.ts:304:5 › Company canvas context loss releases the scene and preserves static content
[12/42] [desktop-chromium] › tests\e2e\company.spec.ts:314:5 › Company artwork swap preserves decoration, preload and hero CTA visibility
[13/42] [desktop-chromium] › tests\e2e\company.spec.ts:328:5 › Company direct Jamaica fragment stays aligned after hydration
[14/42] [desktop-chromium] › tests\e2e\company.spec.ts:338:5 › Company tall desktop reveals every principle throughout the hold


(node:26040) Warning: The 'NO_COLOR' env is ignored due to the 'FORCE_COLOR' env being set.
(Use `node --trace-warnings ...` to show where the warning was created)
(node:26040) Warning: The 'NO_COLOR' env is ignored due to the 'FORCE_COLOR' env being set.

(Use `node --trace-warnings ...` to show where the warning was created)

[15/42] [tablet-chromium] › tests\e2e\company.spec.ts:34:5 › Company scroll shapes follow forward, reverse and fast jumps
[16/42] [tablet-chromium] › tests\e2e\company.spec.ts:66:5 › Company lifecycle pauses frames and resumes preferences and history
[17/42] [tablet-chromium] › tests\e2e\company.spec.ts:114:5 › Company radar alignment, wave timing and suspension
[18/42] [tablet-chromium] › tests\e2e\company.spec.ts:136:5 › Company anchor, focus, contact and mobile menu remain usable
[19/42] [tablet-chromium] › tests\e2e\company.spec.ts:163:5 › Company remains readable with no JavaScript and unavailable canvas
[20/42] [tablet-chromium] › tests\e2e\company.spec.ts:186:5 › Company images decode under constrained loading and narrow/zoom layouts
[21/42] [tablet-chromium] › tests\e2e\company.spec.ts:205:5 › Company morph holds use the supplied three silhouettes
[22/42] [tablet-chromium] › tests\e2e\company.spec.ts:217:5 › Company direct fragments, reveal re-entry, static framing and unmount cleanup
[23/42] [tablet-chromium] › tests\e2e\company.spec.ts:244:5 › Company holds the complete scene for 2.5 usable viewports then releases
[24/42] [tablet-chromium] › tests\e2e\company.spec.ts:288:5 › Company fallback layouts have no added scroll track
[25/42] [tablet-chromium] › tests\e2e\company.spec.ts:304:5 › Company canvas context loss releases the scene and preserves static content
[26/42] [tablet-chromium] › tests\e2e\company.spec.ts:314:5 › Company artwork swap preserves decoration, preload and hero CTA visibility
[27/42] [tablet-chromium] › tests\e2e\company.spec.ts:328:5 › Company direct Jamaica fragment stays aligned after hydration
[28/42] [tablet-chromium] › tests\e2e\company.spec.ts:338:5 › Company tall desktop reveals every principle throughout the hold

(node:8684) Warning: The 'NO_COLOR' env is ignored due to the 'FORCE_COLOR' env being set.
(Use `node --trace-warnings ...` to show where the warning was created)


(node:8684) Warning: The 'NO_COLOR' env is ignored due to the 'FORCE_COLOR' env being set.
(Use `node --trace-warnings ...` to show where the warning was created)

[29/42] [mobile-chromium] › tests\e2e\company.spec.ts:34:5 › Company scroll shapes follow forward, reverse and fast jumps
[30/42] [mobile-chromium] › tests\e2e\company.spec.ts:66:5 › Company lifecycle pauses frames and resumes preferences and history
[31/42] [mobile-chromium] › tests\e2e\company.spec.ts:114:5 › Company radar alignment, wave timing and suspension
[32/42] [mobile-chromium] › tests\e2e\company.spec.ts:136:5 › Company anchor, focus, contact and mobile menu remain usable
[33/42] [mobile-chromium] › tests\e2e\company.spec.ts:163:5 › Company remains readable with no JavaScript and unavailable canvas
[34/42] [mobile-chromium] › tests\e2e\company.spec.ts:186:5 › Company images decode under constrained loading and narrow/zoom layouts
[35/42] [mobile-chromium] › tests\e2e\company.spec.ts:205:5 › Company morph holds use the supplied three silhouettes
[36/42] [mobile-chromium] › tests\e2e\company.spec.ts:217:5 › Company direct fragments, reveal re-entry, static framing and unmount cleanup
[37/42] [mobile-chromium] › tests\e2e\company.spec.ts:244:5 › Company holds the complete scene for 2.5 usable viewports then releases
[38/42] [mobile-chromium] › tests\e2e\company.spec.ts:288:5 › Company fallback layouts have no added scroll track
[39/42] [mobile-chromium] › tests\e2e\company.spec.ts:304:5 › Company canvas context loss releases the scene and preserves static content
[40/42] [mobile-chromium] › tests\e2e\company.spec.ts:314:5 › Company artwork swap preserves decoration, preload and hero CTA visibility
[41/42] [mobile-chromium] › tests\e2e\company.spec.ts:328:5 › Company direct Jamaica fragment stays aligned after hydration
[42/42] [mobile-chromium] › tests\e2e\company.spec.ts:338:5 › Company tall desktop reveals every principle throughout the hold
  4 skipped
  38 passed (2.3m)
